// Jest Snapshot v1, https://goo.gl/fbAQLP

exports[`personType is a GraphQL type should return on every field 1`] = `
Object {
  "person": Object {
    "birthYear": "19BBY",
    "eyeColor": "brown",
    "gender": "female",
    "hairColor": "brown",
    "height": 150,
    "id": "cGVvcGxlOjU=",
    "mass": 49,
    "name": "Leia Organa",
    "skinColor": "light",
    "token": "cGVvcGxlOjU=",
  },
}
`;

exports[`personType is a GraphQL type should return on every field with id 1`] = `
Object {
  "person": Object {
    "birthYear": "19BBY",
    "eyeColor": "brown",
    "gender": "female",
    "hairColor": "brown",
    "height": 150,
    "id": "cGVvcGxlOjU=",
    "mass": 49,
    "name": "Leia Organa",
    "skinColor": "light",
    "token": "cGVvcGxlOjU=",
  },
}
`;
