// Jest Snapshot v1, https://goo.gl/fbAQLP

exports[`Welcome react component Matches earlier configuration 1`] = `
<div>
  <h1>
    This is title
  </h1>
  <p>
    You're logged in as 
    This is username
  </p>
  <button
    alternative={true}
    onClick={[Function]}
  >
    Log out
  </button>
</div>
`;
