// Jest Snapshot v1, https://goo.gl/fbAQLP

exports[`Label tag Matches earlier configuration 1`] = `
.iCwAoZ {
  font-family: inherit;
  font-weight: 600;
}

.iCwAoZ + input {
  margin-top: 0;
}

<label
  className="Label__Label-jsURsk iCwAoZ"
/>
`;

exports[`Label tag Matches earlier configuration if required is passed 1`] = `
.fOlxVT {
  font-family: inherit;
  font-weight: 600;
}

.fOlxVT + input {
  margin-top: 0;
}

.fOlxVT::after {
  content: '*';
  margin: 0 0.1em;
  color: hsl(343,88%,53%);
}

<label
  className="Label__Label-jsURsk fOlxVT"
  required={true}
/>
`;
