// Jest Snapshot v1, https://goo.gl/fbAQLP

exports[`Text tag Matches earlier configuration 1`] = `
.igPQVE {
  font-family: -apple-system, BlinkMacSystemFont, "Segoe UI", Roboto, Helvetica, Arial, sans-serif, "Apple Color Emoji", "Segoe UI Emoji", "Segoe UI Symbol";
}

<p
  className="sc-bdVaJa igPQVE"
/>
`;
