// Jest Snapshot v1, https://goo.gl/fbAQLP

exports[`TextInput tag Matches earlier configuration 1`] = `
.daQrd {
  font-family: inherit;
  font-weight: inherit;
  font-size: inherit;
  line-height: inherit;
  padding: 0.5rem 1rem;
  cursor: text;
  color: inherit;
  border: solid 1px #333;
  background-color: transparent;
}

<input
  className="sc-bdVaJa daQrd"
/>
`;
