// Jest Snapshot v1, https://goo.gl/fbAQLP

exports[`View tag Matches earlier configuration 1`] = `
.ezMmPX {
  -webkit-align-items: stretch;
  -webkit-box-align: stretch;
  -ms-flex-align: stretch;
  align-items: stretch;
  border: 0;
  display: -webkit-box;
  display: -webkit-flex;
  display: -ms-flexbox;
  display: flex;
  -webkit-flex-flow: column;
  -ms-flex-flow: column;
  flex-flow: column;
  min-height: : 0;
  min-width: 0;
}

.ezMmPX > * + * {
  margin-top: 0.75em;
}

<div
  className="sc-bdVaJa ezMmPX"
/>
`;
