// Jest Snapshot v1, https://goo.gl/fbAQLP

exports[`About component Renders correctly 1`] = `
<div>
  <p>
    You're from 
    Tatooine
    ! Other people are also from there! Maybe you know them?
  </p>
  <p>
    Luke Skywalker, C-3PO, Darth Vader, Owen Lars, Beru Whitesun lars, R5-D4, Biggs Darklighter, Anakin Skywalker, Shmi Skywalker, Cliegg Lars
  </p>
</div>
`;
