// Jest Snapshot v1, https://goo.gl/fbAQLP

exports[`Welcome react component Matches earlier configuration 1`] = `
<div
  className="View__View-jelnfZ bnYeJt"
>
  <h1
    className="Title__Title-lbDhID gxinMP"
  >
    This is title
  </h1>
  <p
    className="Text__Text-jpiXUO hvuOVR"
  >
    Here's some private information about you
  </p>
  <div
    className="View__View-jelnfZ bnYeJt"
  >
    <h2
      className="TitleH2__TitleH2-dymhMn jBxvTF"
    >
      Yoda
    </h2>
    <p
      className="Text__Text-jpiXUO hvuOVR"
    >
      Born: 
      896BBY
    </p>
    <p
      className="Text__Text-jpiXUO hvuOVR"
    >
      Your eyes are 
      brown
    </p>
    <p
      className="Text__Text-jpiXUO hvuOVR"
    >
      Your gender is 
      male
    </p>
    <h1
      className="TitleH3__TitleH3-jUefWF bXBjdj"
    >
      Your homeworld
    </h1>
    <div
      className="View__View-jelnfZ bnYeJt"
    >
      <p
        className="Text__Text-jpiXUO hvuOVR"
      >
        We don't know where you're from, just like some of the other characters. Maybe you know them?
      </p>
      <p
        className="Text__Text-jpiXUO hvuOVR"
      >
        IG-88, Arvel Crynyd, Qui-Gon Jinn, R4-P17, Finn, Rey, Poe Dameron, BB8, Captain Phasma
      </p>
    </div>
  </div>
  <p
    className="Text__Text-jpiXUO hvuOVR"
  >
    You can log out and try another user by clicking the log out button
  </p>
  <button
    className="Button__Button-jkHDFw jHVgyi"
    onClick={[Function]}
  >
    Log out
  </button>
</div>
`;
