// Jest Snapshot v1, https://goo.gl/fbAQLP

exports[`About component Renders correctly on fetch 1`] = `
<div
  className="View__View-jelnfZ bnYeJt"
>
  <h2
    className="TitleH2__TitleH2-dymhMn jBxvTF"
  >
    Luke Skywalker
  </h2>
  <p
    className="Text__Text-jpiXUO hvuOVR"
  >
    Born: 
    19BBY
  </p>
  <p
    className="Text__Text-jpiXUO hvuOVR"
  >
    Your hair is 
    blond
  </p>
  <p
    className="Text__Text-jpiXUO hvuOVR"
  >
    Your eyes are 
    blue
  </p>
  <p
    className="Text__Text-jpiXUO hvuOVR"
  >
    Your gender is 
    male
  </p>
  <h1
    className="TitleH3__TitleH3-jUefWF bXBjdj"
  >
    Your homeworld
  </h1>
  <div
    className="View__View-jelnfZ bnYeJt"
  >
    <p
      className="Text__Text-jpiXUO hvuOVR"
    >
      You're from 
      Tatooine
      ! Other people are also from there! Maybe you know them?
    </p>
    <p
      className="Text__Text-jpiXUO hvuOVR"
    >
      C-3PO, Darth Vader, Owen Lars, Beru Whitesun lars, R5-D4, Biggs Darklighter, Anakin Skywalker, Shmi Skywalker, Cliegg Lars
    </p>
  </div>
</div>
`;
