// Jest Snapshot v1, https://goo.gl/fbAQLP

exports[`renders without crashing 1`] = `
<div
  className="sc-bxivhb fDdtND sc-bwzfXH LjeLm"
>
  <div
    className="sc-bwzfXH LjeLm"
  >
    <h1
      className="sc-ifAKCX bCoRWN"
    >
      Star Wars login
    </h1>
    <p
      className="Text__Text-jpiXUO hvuOVR"
    >
      Please log in
    </p>
    <form
      className="sc-bZQynM frHjIn"
    >
      <div
        className="sc-bwzfXH LjeLm"
      >
        <label
          className="sc-EHOje iuNngy"
          htmlFor="username"
          required={false}
        >
          Username
        </label>
        <input
          className="sc-htpNat dEzyOx"
          name="username"
          onChange={[Function]}
          placeholder="Username"
          value=""
        />
      </div>
      <div
        className="sc-bwzfXH LjeLm"
      >
        <label
          className="sc-EHOje iuNngy"
          htmlFor="password"
          required={false}
        >
          Password
        </label>
        <input
          className="sc-htpNat dEzyOx"
          name="password"
          onChange={[Function]}
          placeholder="Password"
          type="password"
          value=""
        />
      </div>
      <button
        className="sc-bdVaJa VFhxl"
        disabled={true}
      >
        Form fields not valid
      </button>
    </form>
  </div>
  <div
    className="sc-bwzfXH LjeLm"
  >
    <h1
      className="sc-ifAKCX bCoRWN"
    >
      Breaking Bad login
    </h1>
    <p
      className="Text__Text-jpiXUO hvuOVR"
    >
      Please log in
    </p>
    <form
      className="sc-bZQynM frHjIn"
    >
      <div
        className="sc-bwzfXH LjeLm"
      >
        <label
          className="sc-EHOje iuNngy"
          htmlFor="username"
          required={false}
        >
          Username
        </label>
        <input
          className="sc-htpNat dEzyOx"
          name="username"
          onChange={[Function]}
          placeholder="Username"
          value=""
        />
      </div>
      <div
        className="sc-bwzfXH LjeLm"
      >
        <label
          className="sc-EHOje iuNngy"
          htmlFor="password"
          required={false}
        >
          Password
        </label>
        <input
          className="sc-htpNat dEzyOx"
          name="password"
          onChange={[Function]}
          placeholder="Password"
          type="password"
          value=""
        />
      </div>
      <button
        className="sc-bdVaJa VFhxl"
        disabled={true}
      >
        Form fields not valid
      </button>
    </form>
  </div>
</div>
`;
