// Jest Snapshot v1, https://goo.gl/fbAQLP

exports[`renders without crashing 1`] = `
<div>
  <div>
    <h1>
      This is just for active testing
    </h1>
    <button
      alternative={true}
      onClick={[Function]}
    >
      Click to ping
    </button>
    <p>
      
    </p>
  </div>
  <div>
    <h1>
      Star Wars login
    </h1>
    <p>
      Please log in
    </p>
    <form>
      <div>
        <label
          htmlFor="username"
          required={false}
        >
          Username
        </label>
        <input
          name="username"
          onChange={[Function]}
          placeholder="Username"
          value=""
        />
      </div>
      <div>
        <label
          htmlFor="password"
          required={false}
        >
          Password
        </label>
        <input
          name="password"
          onChange={[Function]}
          placeholder="Password"
          type="password"
          value=""
        />
      </div>
      <button
        disabled={true}
      >
        Form fields not valid
      </button>
    </form>
  </div>
  <div>
    <h1>
      Breaking Bad login
    </h1>
    <p>
      Please log in
    </p>
    <form>
      <div>
        <label
          htmlFor="username"
          required={false}
        >
          Username
        </label>
        <input
          name="username"
          onChange={[Function]}
          placeholder="Username"
          value=""
        />
      </div>
      <div>
        <label
          htmlFor="password"
          required={false}
        >
          Password
        </label>
        <input
          name="password"
          onChange={[Function]}
          placeholder="Password"
          type="password"
          value=""
        />
      </div>
      <button
        disabled={true}
      >
        Form fields not valid
      </button>
    </form>
  </div>
</div>
`;
