// Jest Snapshot v1, https://goo.gl/fbAQLP

exports[`Form tag Horizontal matches earlier configuration 1`] = `
.gDiXKI {
  margin-top: 1rem;
  display: -webkit-box;
  display: -webkit-flex;
  display: -ms-flexbox;
  display: flex;
  -webkit-flex-flow: row wrap;
  -ms-flex-flow: row wrap;
  flex-flow: row wrap;
  -webkit-box-pack: center;
  -webkit-justify-content: center;
  -ms-flex-pack: center;
  justify-content: center;
  -webkit-align-items: center;
  -webkit-box-align: center;
  -ms-flex-align: center;
  align-items: center;
}

.gDiXKI label {
  -webkit-flex: 1 20%;
  -ms-flex: 1 20%;
  flex: 1 20%;
}

.gDiXKI input {
  -webkit-flex: 1 80%;
  -ms-flex: 1 80%;
  flex: 1 80%;
}

.gDiXKI button {
  -webkit-flex: 1;
  -ms-flex: 1;
  flex: 1;
}

.gDiXKI * {
  background: black !important;
}

.gDiXKI *:not(*:first-of-type),
.gDiXKI button {
  margin-top: 1rem;
}

<form
  className="Form__Form-PASBS gDiXKI"
/>
`;

exports[`Form tag Matches earlier configuration 1`] = `
.imuxEL {
  margin-top: 1rem;
  display: -webkit-box;
  display: -webkit-flex;
  display: -ms-flexbox;
  display: flex;
  -webkit-flex-flow: column;
  -ms-flex-flow: column;
  flex-flow: column;
}

.imuxEL *:not(label) + * {
  margin-top: 1rem;
}

<form
  className="Form__Form-PASBS imuxEL"
/>
`;
