// Jest Snapshot v1, https://goo.gl/fbAQLP

exports[`Wrapper tag Matches earlier configuration 1`] = `
.bnYeJt {
  -webkit-align-items: stretch;
  -webkit-box-align: stretch;
  -ms-flex-align: stretch;
  align-items: stretch;
  border: 0;
  display: -webkit-box;
  display: -webkit-flex;
  display: -ms-flexbox;
  display: flex;
  -webkit-flex-flow: column;
  -ms-flex-flow: column;
  flex-flow: column;
  min-height: : 0;
  min-width: 0;
}

.bnYeJt > * + * {
  margin-top: 0.75em;
}

.esaSay {
  color: #333;
  background: #fff;
  font-family: -apple-system, BlinkMacSystemFont, "Segoe UI", Roboto, Helvetica, Arial, sans-serif, "Apple Color Emoji", "Segoe UI Emoji", "Segoe UI Symbol";
  font-size: 17px;
  font-weight: 400;
  letter-spacing: -0.021em;
  line-height: 1.52947;
  padding: 2rem 5rem;
}

.esaSay > * + * {
  margin-top: 2rem;
}

<div
  className="Wrapper__Wrapper-cZxMuO esaSay View__View-jelnfZ bnYeJt"
/>
`;
